warning: `in_closure` effects: { Fs }   (* = via callee)
  --> $DIR/closures.rs:5:1
   |
LL | fn in_closure() {
   | ^^^^^^^^^^^^^^^
   |
   = note: `#[warn(candor)]` on by default

warning: `in_nested_closure` effects: { Exec }   (* = via callee)
  --> $DIR/closures.rs:11:1
   |
LL | fn in_nested_closure() {
   | ^^^^^^^^^^^^^^^^^^^^^^

warning: `passes_fn_by_name` effects: { Fs* }   (* = via callee)
  --> $DIR/closures.rs:23:1
   |
LL | fn passes_fn_by_name() {
   | ^^^^^^^^^^^^^^^^^^^^^^

warning: `reads` effects: { Fs }   (* = via callee)
  --> $DIR/closures.rs:15:1
   |
LL | fn reads(p: &str) -> usize {
   | ^^^^^^^^^^^^^^^^^^^^^^^^^^

warning: 4 warnings emitted

