warning: `<Loud as Greet>::greet` effects: { Clock }   (* = via callee)
  --> $DIR/devirt.rs:12:5
   |
LL |     fn greet(&self) {
   |     ^^^^^^^^^^^^^^^
   |
   = note: `#[warn(candor)]` on by default

warning: `main` effects: { Clock* }   (* = via callee)
  --> $DIR/devirt.rs:34:1
   |
LL | fn main() {
   | ^^^^^^^^^

warning: `use_dyn` effects: { Clock* }   (* = via callee)
  --> $DIR/devirt.rs:30:1
   |
LL | fn use_dyn(g: &dyn Greet) {
   | ^^^^^^^^^^^^^^^^^^^^^^^^^

warning: `use_loud` effects: { Clock* }   (* = via callee)
  --> $DIR/devirt.rs:22:1
   |
LL | fn use_loud(l: &Loud) {
   | ^^^^^^^^^^^^^^^^^^^^^

warning: 4 warnings emitted

