warning: `<Effectful as Hook>::hook` effects: { Fs }   (* = via callee)
  --> $DIR/fn_value_trait_method.rs:46:5
   |
LL |     fn hook() {
   |     ^^^^^^^^^
   |
   = note: `#[warn(candor)]` on by default

warning: `<Effectful as Run>::run` effects: { Fs }   (* = via callee)
  --> $DIR/fn_value_trait_method.rs:33:5
   |
LL |     fn run() {
   |     ^^^^^^^^

warning: `<Parsed as std::str::FromStr>::from_str` effects: { Env }   (* = via callee)
  --> $DIR/fn_value_trait_method.rs:64:5
   |
LL |     fn from_str(_: &str) -> Result<Parsed, ()> {
   |     ^^^^^^^^^^^^^^^^^^^^^^^^^^^^^^^^^^^^^^^^^^

warning: `Reporter::report` effects: { Env }   (* = via callee)
  --> $DIR/fn_value_trait_method.rs:54:5
   |
LL |     fn report() {
   |     ^^^^^^^^^^^

warning: `default_body_really_runs` effects: { Env* }   (* = via callee)
  --> $DIR/fn_value_trait_method.rs:90:1
   |
LL | fn default_body_really_runs() {
   | ^^^^^^^^^^^^^^^^^^^^^^^^^^^^^

warning: `generic_self` effects: { Fs* }   (* = via callee)
  --> $DIR/fn_value_trait_method.rs:83:1
   |
LL | fn generic_self<X: Run>() {
   | ^^^^^^^^^^^^^^^^^^^^^^^^^

warning: `local_impl_of_nonlocal_trait` effects: { Env* }   (* = via callee)
  --> $DIR/fn_value_trait_method.rs:86:1
   |
LL | fn local_impl_of_nonlocal_trait() {
   | ^^^^^^^^^^^^^^^^^^^^^^^^^^^^^^^^^

warning: `main` effects: { Env*, Fs* }   (* = via callee)
  --> $DIR/fn_value_trait_method.rs:102:1
   |
LL | fn main() {
   | ^^^^^^^^^

warning: `overridden_default` effects: { Fs* }   (* = via callee)
  --> $DIR/fn_value_trait_method.rs:80:1
   |
LL | fn overridden_default() {
   | ^^^^^^^^^^^^^^^^^^^^^^^

warning: `qualified_path` effects: { Fs* }   (* = via callee)
  --> $DIR/fn_value_trait_method.rs:74:1
   |
LL | fn qualified_path() {
   | ^^^^^^^^^^^^^^^^^^^

warning: `register` effects: { Unknown }   (* = via callee)
  --> $DIR/fn_value_trait_method.rs:70:1
   |
LL | fn register(f: fn()) {
   | ^^^^^^^^^^^^^^^^^^^^

warning: `short_path` effects: { Fs* }   (* = via callee)
  --> $DIR/fn_value_trait_method.rs:77:1
   |
LL | fn short_path() {
   | ^^^^^^^^^^^^^^^

warning: 12 warnings emitted

